.............                                                            [100%]
=============================== warnings summary ===============================
tests/test_core.py: 12 warnings
  /workspace/scratch/8837779bd87b/mechanism_bridge/.venv/lib/python3.12/site-packages/ase/atoms.py:432: DeprecationWarning: Setting the shape on a NumPy array has been deprecated in NumPy 2.5.
  As an alternative, you can create a new view using np.reshape (with copy=False if needed).
    a.shape = (-1,) + shape

-- Docs: https://docs.pytest.org/en/stable/how-to/capture-warnings.html
13 passed, 12 warnings in 0.59s
